Filename:               5.1-side.wav
File size:              53022 (51.8KiB)
SHA-1 digest:           DCE7C65D4ACF4E22FEFE2245FCAAE8B04B4BEBE1
Container format:       WAV
Duration:               00:00:00.10
Bit rate:               4242 kb/s
Streams:
    #0: Audio, PCM signed 16-bit little-endian, 44100 Hz, 5.1(side), 4234 kb/s

