Filename:               5.1.wav
File size:              53022 (51.8KiB)
SHA-1 digest:           8FC57B7FFCAF685F50FBD3E52D3DAC74451C6B0D
Container format:       WAV
Duration:               00:00:00.10
Bit rate:               4242 kb/s
Streams:
    #0: Audio, PCM signed 16-bit little-endian, 44100 Hz, 5.1, 4234 kb/s

