Filename:               aac.aac
File size:              1954 (1.91KiB)
SHA-1 digest:           FB378E2A79E973C34C8C46FB110F6706B0C77EF9
Container format:       Raw ADTS AAC
Duration:               00:00:00.16
Bit rate:               96 kb/s
Streams:
    #0: Audio, AAC (Low-Complexity), 44100 Hz, mono, 96 kb/s

