Filename:               aac_he.aac
File size:              1396 (1.37KiB)
SHA-1 digest:           4ce9cb3b46130204c7ed0ad199f167b56833c669
Container format:       Raw ADTS AAC
Duration:               00:00:00.23
Streams:
    #0: Audio, AAC (HE-AAC v2), 48 kb/s

