Filename:               ac3.ac3
File size:              1670 (1.64KiB)
SHA-1 digest:           A5EA5B0226E8CF94C3C4163856FF74256ECB0D1D
Container format:       Raw AC-3
Duration:               00:00:00.14
Streams:
    #0: Audio, Dolby AC-3, 96 kb/s

