Filename:               aiff.aiff
File size:              10294 (10.1KiB)
SHA-1 digest:           B02750FECCE6ECA01ADE1CB29873860B87AB026D
Container format:       Audio Interchange File Format (AIFF)
Duration:               00:00:00.12
Bit rate:               709 kb/s
Streams:
    #0: Audio, PCM signed 16-bit big-endian, 706 kb/s

