Filename:               ass.ass
File size:              622 (622B)
SHA-1 digest:           f0fa9a423f6bca62323a7cc4b6be26eb6fb2b331
Container format:       ASS
Duration:               Not available
Streams:
    #0: Subtitle, SubStation Alpha

