Filename:               flac.flac
File size:              8312 (8.12KiB)
SHA-1 digest:           E37239AB7AD56D3FA8929CA99F32D445F62608F8
Container format:       Native FLAC
Duration:               00:00:00.12
Bit rate:               573 kb/s
Streams:
    #0: Audio, FLAC (Free Lossless Audio Codec), 44100 Hz, mono

