Title:                  Example video: H.264 + AAC + SRT in Matroska container
Filename:               h264.aac.srt.mkv
File size:              4842 (4.73KiB)
SHA-1 digest:           95E7D9F9359D8D7BA4EC441BC8CB3830A58EE102
Container format:       Matroska
Duration:               00:00:02.08
Pixel dimensions:       128x72
Display aspect ratio:   16:9
Scan type:              Progressive scan
Frame rate:             25 fps
Streams:
    #0: Video, H.264 (High Profile level 1.0), 128x72 (DAR 16:9), 25 fps
    #1: Audio (und), AAC (Low-Complexity)
    #2: Subtitle, SubRip

