Filename:               h264.3g2
File size:              2794 (2.73KiB)
SHA-1 digest:           0ec14ee0c3b886149d3a7aadbf480802e524e79a
Container format:       3GPP2
Duration:               00:00:02.00
Pixel dimensions:       128x72
Display aspect ratio:   16:9
Scan type:              Progressive scan
Frame rate:             25 fps
Streams:
    #0: Video, H.264 (High Profile level 1.0), 128x72 (DAR 16:9), 25 fps, 6 kb/s

