Filename:               h264.3gp
File size:              2794 (2.73KiB)
SHA-1 digest:           52C6EB8C4CE8D674315C78BD657E27C5EE3E406B
Container format:       3GPP
Duration:               00:00:02.00
Pixel dimensions:       128x72
Display aspect ratio:   16:9
Scan type:              Progressive scan
Frame rate:             25 fps
Streams:
    #0: Video, H.264 (High Profile level 1.0), 128x72 (DAR 16:9), 25 fps, 6 kb/s

