Filename:               h264.mov
File size:              2859 (2.80KiB)
SHA-1 digest:           60F156FFA10F67C79B3D810171983F66723E48C2
Container format:       QuickTime movie
Duration:               00:00:02.00
Pixel dimensions:       128x72
Display aspect ratio:   16:9
Scan type:              Progressive scan
Frame rate:             25 fps
Streams:
    #0: Video, H.264 (High Profile level 1.0), 128x72 (DAR 16:9), 25 fps, 6 kb/s

