Filename:               h264.srt.mkv
File size:              2673 (2.62KiB)
SHA-1 digest:           1174F4F73E5CE3ACB9627EF6789DD57A6B9C4317
Container format:       Matroska
Duration:               00:00:02.08
Pixel dimensions:       128x72
Display aspect ratio:   16:9
Scan type:              Progressive scan
Frame rate:             25 fps
Streams:
    #0: Video, H.264 (High Profile level 1.0), 128x72 (DAR 16:9), 25 fps
    #1: Subtitle, SubRip

