Filename:               h264.ts
File size:              11092 (10.9KiB)
SHA-1 digest:           A41442D565CC47372D363CF1FA9F80DAB6715B48
Container format:       MPEG transport stream
Duration:               00:00:02.00
Pixel dimensions:       128x72
Display aspect ratio:   16:9
Scan type:              Progressive scan
Frame rate:             25 fps
Bit rate:               44 kb/s
Streams:
    #0: Video, H.264 (High Profile level 1.0), 128x72 (DAR 16:9), 25 fps

