Filename:               h264.ass.mkv
File size:              3243 (3.17KiB)
SHA-1 digest:           09F0017F73988A11834C3C81B251D64D5A58DAB0
Container format:       Matroska
Duration:               00:00:02.08
Pixel dimensions:       128x72
Display aspect ratio:   16:9
Scan type:              Progressive scan
Frame rate:             25 fps
Bit rate:               12 kb/s
Streams:
    #0: Video, H.264 (High Profile level 1.0), 128x72 (DAR 16:9), 25 fps
    #1: Subtitle, SubStation Alpha

