Filename:               h264.flv
File size:              2830 (2.77KiB)
SHA-1 digest:           9023E79A0A76F82BAC5527C06AD221CC8D7145E0
Container format:       Flash video
Duration:               00:00:02.08
Pixel dimensions:       128x72
Display aspect ratio:   16:9
Scan type:              Progressive scan
Frame rate:             25 fps
Bit rate:               11 kb/s
Streams:
    #0: Video, H.264 (High Profile level 1.0), 128x72 (DAR 16:9), 25 fps

