Filename:               h264_interlaced.mp4
File size:              3323 (3.25KiB)
SHA-1 digest:           3570140B9F2AC156DB329346BAC12802F1F7DC0E
Container format:       MPEG-4 Part 14 (MP4)
Duration:               00:00:02.00
Pixel dimensions:       128x72
Display aspect ratio:   16:9
Scan type:              Interlaced scan
Frame rate:             25 fps
Bit rate:               13 kb/s
Streams:
    #0: Video, H.264 (High Profile level 2.1), 128x72 (DAR 16:9), 25 fps, 8 kb/s

