Filename:               h264_high4.0.mp4
File size:              2673 (2.62KiB)
SHA-1 digest:           5D4A58045CB12FD90259E540377E15E851AC3044
Container format:       MPEG-4 Part 14 (MP4)
Duration:               00:00:02.00
Pixel dimensions:       128x72
Display aspect ratio:   16:9
Scan type:              Progressive scan
Frame rate:             25 fps
Streams:
    #0: Video, H.264 (High Profile level 4.0), 128x72 (DAR 16:9), 25 fps, 6 kb/s

