Filename:               jpeg.jpeg
File size:              203 (203B)
SHA-1 digest:           8ac8d89e6f64849ad7d0d2360225e60a561064ff
Container format:       JPEG
Duration:               Not available
Pixel dimensions:       100x100
Display aspect ratio:   1:1
Frame rate:             25 fps
Streams:
    #0: Video, Motion JPEG, 100x100 (DAR 1:1), 25 fps

