Filename:               mjpeg.mp4
File size:              4419 (4.32KiB)
SHA-1 digest:           44ccbfe8ec15b42e6c7eaf8f36e88874044166ab
Container format:       MPEG-4 Part 14 (MP4)
Duration:               00:00:00.20
Pixel dimensions:       128x72
Display aspect ratio:   16:9
Frame rate:             25 fps
Streams:
    #0: Video, Motion JPEG, 128x72 (DAR 16:9), 25 fps, 145 kb/s

