Filename:               mono.wav
File size:              8898 (8.69KiB)
SHA-1 digest:           D4DE35B7D485200F9017B617616CF071E77FBC30
Container format:       WAV
Duration:               00:00:00.10
Bit rate:               712 kb/s
Streams:
    #0: Audio, PCM signed 16-bit little-endian, 44100 Hz, mono, 706 kb/s

