Filename:               mp3.mp3
File size:              1480 (1.45KiB)
SHA-1 digest:           ABAD3107281FAC60F26D0C805566100E91904615
Container format:       MP3
Duration:               00:00:00.16
Streams:
    #0: Audio, MP3, 64 kb/s

