Filename:               mp3.jpeg.mp3
File size:              1851 (1.81KiB)
SHA-1 digest:           7D9B27C1FF8F85D884C9A19B51911FE20DB3C9AF
Container format:       MP3
Duration:               00:00:00.18
Pixel dimensions:       100x100
Display aspect ratio:   1:1
Frame rate:             90000 fps
Bit rate:               81 kb/s
Streams:
    #0: Audio, MP3, 44100 Hz, mono, 64 kb/s
    #1: Video, PNG, 100x100 (DAR 1:1), 90000 fps

