Filename:               mpeg2video.mp4
File size:              4579 (4.48KiB)
SHA-1 digest:           809821F31334EC410FE8C3A55EEB54E09A796329
Container format:       MPEG-4 Part 14 (MP4)
Duration:               00:00:02.00
Pixel dimensions:       128x72
Display aspect ratio:   16:9
Scan type:              Progressive scan
Frame rate:             25 fps
Bit rate:               18 kb/s
Streams:
    #0: Video, MPEG-2 Part 2 (Main Profile), 128x72 (DAR 16:9), 25 fps, 14 kb/s

