Filename:               mpeg2video.mpg
File size:              4096 (4.00KiB)
SHA-1 digest:           C6EB2A5B1F00B541598C614E13C861EF96F857FB
Container format:       MPEG program stream
Duration:               00:00:01.16
Pixel dimensions:       128x72
Display aspect ratio:   16:9
Scan type:              Progressive scan
Frame rate:             25 fps
Bit rate:               28 kb/s
Streams:
    #0: Video, MPEG-2 Part 2 (Main Profile), 128x72 (DAR 16:9), 25 fps

