Filename:               mpeg2video.m2v
File size:              3520 (3.44KiB)
SHA-1 digest:           c8b0e8ad8c610e0aaa78c4a71cbaddc8d8a2419c
Container format:       Raw MPEG video
Duration:               Not available
Pixel dimensions:       128x72
Display aspect ratio:   16:9
Scan type:              Progressive scan
Frame rate:             25 fps
Streams:
    #0: Video, MPEG-2 Part 2 (Main Profile), 128x72 (DAR 16:9), 25 fps

