Filename:               png.png
File size:              273 (273B)
SHA-1 digest:           937456f0899690e173a35d586a7672e8b8dd1363
Container format:       PNG
Duration:               Not available
Pixel dimensions:       100x100
Display aspect ratio:   1:1
Frame rate:             25 fps
Streams:
    #0: Video, PNG, 100x100 (DAR 1:1), 25 fps

