Filename:               srt.srt
File size:              56 (56B)
SHA-1 digest:           36bdfdadefbc73384ef20911aadef3b843c12330
Container format:       SRT
Duration:               Not available
Streams:
    #0: Subtitle, SubRip

