Filename:               stereo.mp3
File size:              2342 (2.29KiB)
SHA-1 digest:           E9D1992B782536ADE0FC670CD1A73C307DBFFAF4
Container format:       MP3
Duration:               00:00:00.13
Bit rate:               143 kb/s
Streams:
    #0: Audio, MP3, 44100 Hz, stereo, 128 kb/s

