Filename:               stereo.wav
File size:              17718 (17.4KiB)
SHA-1 digest:           75167A833264234C6CCE76AA5CB56A71E7A21365
Container format:       WAV
Duration:               00:00:00.10
Bit rate:               1417 kb/s
Streams:
    #0: Audio, PCM signed 16-bit little-endian, 44100 Hz, 2 channels, 1411 kb/s

