Filename:               theora.ogv
File size:              3899 (3.81KiB)
SHA-1 digest:           02C85B3A879771379914829C5CA1217289214A6D
Container format:       Ogg
Duration:               00:00:01.96
Pixel dimensions:       128x72
Display aspect ratio:   16:9
Frame rate:             25 fps
Streams:
    #0: Video, Theora, 128x72 (DAR 16:9), 25 fps

