Filename:               vorbis.oga
File size:              3393 (3.32KiB)
SHA-1 digest:           32DDE67C54775D117AF97B30BFCBF0943D91EDBD
Container format:       Ogg
Duration:               00:00:00.12
Streams:
    #0: Audio, Vorbis, 80 kb/s

