Filename:               vp8.webm
File size:              1761 (1.72KiB)
SHA-1 digest:           62BB7D32D31C57E5BE2755573FC3B33E94BBFF97
Container format:       WebM
Duration:               00:00:02.00
Pixel dimensions:       128x72
Display aspect ratio:   16:9
Scan type:              Progressive scan
Frame rate:             25 fps
Bit rate:               7 kb/s
Streams:
    #0: Video, VP8, 128x72 (DAR 16:9), 25 fps

