Filename:               vp9.webm
File size:              1686 (1.65KiB)
SHA-1 digest:           40CD4B4F425A2D4D95C1F818E31C66B22773CE99
Container format:       WebM
Duration:               00:00:02.00
Pixel dimensions:       128x72
Display aspect ratio:   16:9
Scan type:              Progressive scan
Frame rate:             25 fps
Streams:
    #0: Video, VP9, 128x72 (DAR 16:9), 25 fps

